{
  "version": "1.5.0",
  "plugins_used": [
    {
      "name": "ArtifactoryDetector"
    },
    {
      "name": "AWSKeyDetector"
    },
    {
      "name": "AzureStorageKeyDetector"
    },
    {
      "name": "Base64HighEntropyString",
      "limit": 4.5
    },
    {
      "name": "BasicAuthDetector"
    },
    {
      "name": "CloudantDetector"
    },
    {
      "name": "DiscordBotTokenDetector"
    },
    {
      "name": "GitHubTokenDetector"
    },
    {
      "name": "GitLabTokenDetector"
    },
    {
      "name": "HexHighEntropyString",
      "limit": 3.0
    },
    {
      "name": "IbmCloudIamDetector"
    },
    {
      "name": "IbmCosHmacDetector"
    },
    {
      "name": "IPPublicDetector"
    },
    {
      "name": "JwtTokenDetector"
    },
    {
      "name": "KeywordDetector",
      "keyword_exclude": ""
    },
    {
      "name": "MailchimpDetector"
    },
    {
      "name": "NpmDetector"
    },
    {
      "name": "OpenAIDetector"
    },
    {
      "name": "PrivateKeyDetector"
    },
    {
      "name": "PypiTokenDetector"
    },
    {
      "name": "SendGridDetector"
    },
    {
      "name": "SlackDetector"
    },
    {
      "name": "SoftlayerDetector"
    },
    {
      "name": "SquareOAuthDetector"
    },
    {
      "name": "StripeDetector"
    },
    {
      "name": "TelegramBotTokenDetector"
    },
    {
      "name": "TwilioKeyDetector"
    }
  ],
  "filters_used": [
    {
      "path": "detect_secrets.filters.allowlist.is_line_allowlisted"
    },
    {
      "path": "detect_secrets.filters.common.is_baseline_file",
      "filename": ".secrets.baseline"
    },
    {
      "path": "detect_secrets.filters.common.is_ignored_due_to_verification_policies",
      "min_level": 2
    },
    {
      "path": "detect_secrets.filters.heuristic.is_indirect_reference"
    },
    {
      "path": "detect_secrets.filters.heuristic.is_likely_id_string"
    },
    {
      "path": "detect_secrets.filters.heuristic.is_lock_file"
    },
    {
      "path": "detect_secrets.filters.heuristic.is_not_alphanumeric_string"
    },
    {
      "path": "detect_secrets.filters.heuristic.is_potential_uuid"
    },
    {
      "path": "detect_secrets.filters.heuristic.is_prefixed_with_dollar_sign"
    },
    {
      "path": "detect_secrets.filters.heuristic.is_sequential_string"
    },
    {
      "path": "detect_secrets.filters.heuristic.is_swagger_file"
    },
    {
      "path": "detect_secrets.filters.heuristic.is_templated_secret"
    }
  ],
  "results": {
    "docker-compose.yml": [
      {
        "type": "Secret Keyword",
        "filename": "docker-compose.yml",
        "hashed_secret": "256e8a30d1214d589088ae13d1d1e3ee2385d40f",
        "is_verified": false,
        "line_number": 8,
        "is_secret": false
      }
    ],
    "src\\SubVora.Infrastructure\\Migrations\\20260711170528_InitialSchema_UsersCategoriesPaymentSources.Designer.cs": [
      {
        "type": "Base64 High Entropy String",
        "filename": "src\\SubVora.Infrastructure\\Migrations\\20260711170528_InitialSchema_UsersCategoriesPaymentSources.Designer.cs",
        "hashed_secret": "555041730e451f004d2d3f2dd73a5163be9e2f72",
        "is_verified": false,
        "line_number": 16,
        "is_secret": false
      }
    ],
    "src\\SubVora.Infrastructure\\Migrations\\20260711173957_AddSubscriptionCatalog.Designer.cs": [
      {
        "type": "Base64 High Entropy String",
        "filename": "src\\SubVora.Infrastructure\\Migrations\\20260711173957_AddSubscriptionCatalog.Designer.cs",
        "hashed_secret": "e1b2703d84b0ab935f2949609e19efc3f8b7e3c8",
        "is_verified": false,
        "line_number": 16,
        "is_secret": false
      }
    ],
    "src\\SubVora.Infrastructure\\Migrations\\20260711183949_AddFxRatesAndRefreshTokens.Designer.cs": [
      {
        "type": "Base64 High Entropy String",
        "filename": "src\\SubVora.Infrastructure\\Migrations\\20260711183949_AddFxRatesAndRefreshTokens.Designer.cs",
        "hashed_secret": "8dd69fcd2b6e8fb6641b42d432d2f4b520781657",
        "is_verified": false,
        "line_number": 16,
        "is_secret": false
      }
    ],
    "src\\SubVora.Infrastructure\\Migrations\\20260713145914_AddUserDefaultAlertDaysAdvance.Designer.cs": [
      {
        "type": "Base64 High Entropy String",
        "filename": "src\\SubVora.Infrastructure\\Migrations\\20260713145914_AddUserDefaultAlertDaysAdvance.Designer.cs",
        "hashed_secret": "c4939b62e98bf1937972812a4f55dfd31e409b04",
        "is_verified": false,
        "line_number": 16,
        "is_secret": false
      }
    ],
    "src\\SubVora.Infrastructure\\Migrations\\20260805195440_SeedSubscriptionCatalog.Designer.cs": [
      {
        "type": "Base64 High Entropy String",
        "filename": "src\\SubVora.Infrastructure\\Migrations\\20260805195440_SeedSubscriptionCatalog.Designer.cs",
        "hashed_secret": "0a6846db8892388c8c96bc19c01048e6be981d30",
        "is_verified": false,
        "line_number": 16,
        "is_secret": false
      }
    ],
    "src\\SubVora.Infrastructure\\Migrations\\20260806181045_ReplaceCatalogEmbeddingWithTrigram.Designer.cs": [
      {
        "type": "Base64 High Entropy String",
        "filename": "src\\SubVora.Infrastructure\\Migrations\\20260806181045_ReplaceCatalogEmbeddingWithTrigram.Designer.cs",
        "hashed_secret": "b17ca4f20cd43025d3cfa3492f1fd507bffcefa6",
        "is_verified": false,
        "line_number": 16,
        "is_secret": false
      }
    ],
    "src\\SubVora.Infrastructure\\Migrations\\20260808084637_AddRefreshTokenHashUniqueIndex.Designer.cs": [
      {
        "type": "Base64 High Entropy String",
        "filename": "src\\SubVora.Infrastructure\\Migrations\\20260808084637_AddRefreshTokenHashUniqueIndex.Designer.cs",
        "hashed_secret": "b7e9cd2f4dc7037a697221a2976ac7c5b6c32d51",
        "is_verified": false,
        "line_number": 16
      }
    ],
    "src\\SubVora.Infrastructure\\Migrations\\20260808091136_MapUserSubscriptionRowVersion.Designer.cs": [
      {
        "type": "Base64 High Entropy String",
        "filename": "src\\SubVora.Infrastructure\\Migrations\\20260808091136_MapUserSubscriptionRowVersion.Designer.cs",
        "hashed_secret": "8786b7e161df8c2263b5484b18f2c3f88472f961",
        "is_verified": false,
        "line_number": 16
      }
    ],
    "src\\SubVora.Mobile\\Views\\LoginPage.xaml": [
      {
        "type": "Secret Keyword",
        "filename": "src\\SubVora.Mobile\\Views\\LoginPage.xaml",
        "hashed_secret": "88b33e4e12f75ac8bf792aebde41f1a090f3a612",
        "is_verified": false,
        "line_number": 36,
        "is_secret": false
      }
    ],
    "src\\SubVora.Mobile\\Views\\RegisterPage.xaml": [
      {
        "type": "Secret Keyword",
        "filename": "src\\SubVora.Mobile\\Views\\RegisterPage.xaml",
        "hashed_secret": "88b33e4e12f75ac8bf792aebde41f1a090f3a612",
        "is_verified": false,
        "line_number": 36,
        "is_secret": false
      }
    ],
    "tests\\SubVora.Api.Tests\\ApiWebApplicationFactory.cs": [
      {
        "type": "Secret Keyword",
        "filename": "tests\\SubVora.Api.Tests\\ApiWebApplicationFactory.cs",
        "hashed_secret": "239dbafa0241430c5c08df50f9f2ca5b175b5e70",
        "is_verified": false,
        "line_number": 17,
        "is_secret": false
      }
    ],
    "tests\\SubVora.Api.Tests\\AuthControllerTests.cs": [
      {
        "type": "Secret Keyword",
        "filename": "tests\\SubVora.Api.Tests\\AuthControllerTests.cs",
        "hashed_secret": "dd606cd49bbbd06b4c2606fc2449f8fb87975786",
        "is_verified": false,
        "line_number": 27,
        "is_secret": false
      },
      {
        "type": "Secret Keyword",
        "filename": "tests\\SubVora.Api.Tests\\AuthControllerTests.cs",
        "hashed_secret": "21de904425784753916d76f960d5d4e1f3cb8914",
        "is_verified": false,
        "line_number": 83,
        "is_secret": false
      },
      {
        "type": "Secret Keyword",
        "filename": "tests\\SubVora.Api.Tests\\AuthControllerTests.cs",
        "hashed_secret": "9f3e4b6a01987e4ed736ec0407a2a203dfdd833d",
        "is_verified": false,
        "line_number": 98,
        "is_secret": false
      },
      {
        "type": "Secret Keyword",
        "filename": "tests\\SubVora.Api.Tests\\AuthControllerTests.cs",
        "hashed_secret": "6809ffccad03b80fa1fbc32c17e7e054805ec30b",
        "is_verified": false,
        "line_number": 154,
        "is_secret": false
      },
      {
        "type": "Secret Keyword",
        "filename": "tests\\SubVora.Api.Tests\\AuthControllerTests.cs",
        "hashed_secret": "7a43c9f731744d781d8d382b15945a41a79b68cb",
        "is_verified": false,
        "line_number": 164,
        "is_secret": false
      }
    ],
    "tests\\SubVora.Api.Tests\\AuthRateLimitTests.cs": [
      {
        "type": "Secret Keyword",
        "filename": "tests\\SubVora.Api.Tests\\AuthRateLimitTests.cs",
        "hashed_secret": "6809ffccad03b80fa1fbc32c17e7e054805ec30b",
        "is_verified": false,
        "line_number": 31,
        "is_secret": false
      }
    ],
    "tests\\SubVora.Api.Tests\\CategoriesControllerTests.cs": [
      {
        "type": "Secret Keyword",
        "filename": "tests\\SubVora.Api.Tests\\CategoriesControllerTests.cs",
        "hashed_secret": "dd606cd49bbbd06b4c2606fc2449f8fb87975786",
        "is_verified": false,
        "line_number": 21,
        "is_secret": false
      }
    ],
    "tests\\SubVora.Api.Tests\\DashboardControllerTests.cs": [
      {
        "type": "Secret Keyword",
        "filename": "tests\\SubVora.Api.Tests\\DashboardControllerTests.cs",
        "hashed_secret": "dd606cd49bbbd06b4c2606fc2449f8fb87975786",
        "is_verified": false,
        "line_number": 31,
        "is_secret": false
      }
    ],
    "tests\\SubVora.Api.Tests\\LogoutControllerTests.cs": [
      {
        "type": "Secret Keyword",
        "filename": "tests\\SubVora.Api.Tests\\LogoutControllerTests.cs",
        "hashed_secret": "dd606cd49bbbd06b4c2606fc2449f8fb87975786",
        "is_verified": false,
        "line_number": 17,
        "is_secret": false
      }
    ],
    "tests\\SubVora.Api.Tests\\PasswordResetControllerTests.cs": [
      {
        "type": "Secret Keyword",
        "filename": "tests\\SubVora.Api.Tests\\PasswordResetControllerTests.cs",
        "hashed_secret": "dd606cd49bbbd06b4c2606fc2449f8fb87975786",
        "is_verified": false,
        "line_number": 57,
        "is_secret": false
      },
      {
        "type": "Secret Keyword",
        "filename": "tests\\SubVora.Api.Tests\\PasswordResetControllerTests.cs",
        "hashed_secret": "e400573056b556e8c6cde4da840f466980c6af0f",
        "is_verified": false,
        "line_number": 75,
        "is_secret": false
      },
      {
        "type": "Secret Keyword",
        "filename": "tests\\SubVora.Api.Tests\\PasswordResetControllerTests.cs",
        "hashed_secret": "c3c6d08928310be981391bda1493419bcc98c4fd",
        "is_verified": false,
        "line_number": 129,
        "is_secret": false
      },
      {
        "type": "Secret Keyword",
        "filename": "tests\\SubVora.Api.Tests\\PasswordResetControllerTests.cs",
        "hashed_secret": "0e1f3d0551dcb2581486fba9609162ce3dfbe09d",
        "is_verified": false,
        "line_number": 216,
        "is_secret": false
      },
      {
        "type": "Secret Keyword",
        "filename": "tests\\SubVora.Api.Tests\\PasswordResetControllerTests.cs",
        "hashed_secret": "61db6e4f416772347879825e7338248f3e54db15",
        "is_verified": false,
        "line_number": 221,
        "is_secret": false
      }
    ],
    "tests\\SubVora.Api.Tests\\PaymentSourcesControllerTests.cs": [
      {
        "type": "Secret Keyword",
        "filename": "tests\\SubVora.Api.Tests\\PaymentSourcesControllerTests.cs",
        "hashed_secret": "dd606cd49bbbd06b4c2606fc2449f8fb87975786",
        "is_verified": false,
        "line_number": 31,
        "is_secret": false
      }
    ],
    "tests\\SubVora.Api.Tests\\RefreshTokenControllerTests.cs": [
      {
        "type": "Secret Keyword",
        "filename": "tests\\SubVora.Api.Tests\\RefreshTokenControllerTests.cs",
        "hashed_secret": "dd606cd49bbbd06b4c2606fc2449f8fb87975786",
        "is_verified": false,
        "line_number": 19,
        "is_secret": false
      }
    ],
    "tests\\SubVora.Api.Tests\\SubscriptionsControllerTests.cs": [
      {
        "type": "Secret Keyword",
        "filename": "tests\\SubVora.Api.Tests\\SubscriptionsControllerTests.cs",
        "hashed_secret": "dd606cd49bbbd06b4c2606fc2449f8fb87975786",
        "is_verified": false,
        "line_number": 36,
        "is_secret": false
      }
    ],
    "tests\\SubVora.Api.Tests\\UsersControllerTests.cs": [
      {
        "type": "Secret Keyword",
        "filename": "tests\\SubVora.Api.Tests\\UsersControllerTests.cs",
        "hashed_secret": "dd606cd49bbbd06b4c2606fc2449f8fb87975786",
        "is_verified": false,
        "line_number": 21,
        "is_secret": false
      }
    ],
    "tests\\SubVora.Infrastructure.Tests\\AuthServiceTests.cs": [
      {
        "type": "Secret Keyword",
        "filename": "tests\\SubVora.Infrastructure.Tests\\AuthServiceTests.cs",
        "hashed_secret": "dd606cd49bbbd06b4c2606fc2449f8fb87975786",
        "is_verified": false,
        "line_number": 42,
        "is_secret": false
      },
      {
        "type": "Secret Keyword",
        "filename": "tests\\SubVora.Infrastructure.Tests\\AuthServiceTests.cs",
        "hashed_secret": "8c89ea6b5c7318e9a7ad562226bcbdf3e6e364b1",
        "is_verified": false,
        "line_number": 57,
        "is_secret": false
      },
      {
        "type": "Secret Keyword",
        "filename": "tests\\SubVora.Infrastructure.Tests\\AuthServiceTests.cs",
        "hashed_secret": "9f3e4b6a01987e4ed736ec0407a2a203dfdd833d",
        "is_verified": false,
        "line_number": 82,
        "is_secret": false
      }
    ],
    "tests\\SubVora.Infrastructure.Tests\\FxRateAndRefreshTokenTests.cs": [
      {
        "type": "Secret Keyword",
        "filename": "tests\\SubVora.Infrastructure.Tests\\FxRateAndRefreshTokenTests.cs",
        "hashed_secret": "f4661dbb67fad1fc4d25f0fddf07479e70ae0771",
        "is_verified": false,
        "line_number": 53,
        "is_secret": false
      }
    ],
    "tests\\SubVora.Infrastructure.Tests\\FxRateRefreshJobTests.cs": [
      {
        "type": "Secret Keyword",
        "filename": "tests\\SubVora.Infrastructure.Tests\\FxRateRefreshJobTests.cs",
        "hashed_secret": "f4661dbb67fad1fc4d25f0fddf07479e70ae0771",
        "is_verified": false,
        "line_number": 54,
        "is_secret": false
      }
    ],
    "tests\\SubVora.Infrastructure.Tests\\SchemaMigrationTests.cs": [
      {
        "type": "Secret Keyword",
        "filename": "tests\\SubVora.Infrastructure.Tests\\SchemaMigrationTests.cs",
        "hashed_secret": "f4661dbb67fad1fc4d25f0fddf07479e70ae0771",
        "is_verified": false,
        "line_number": 111,
        "is_secret": false
      }
    ],
    "tests\\SubVora.Infrastructure.Tests\\UserSubscriptionTests.cs": [
      {
        "type": "Secret Keyword",
        "filename": "tests\\SubVora.Infrastructure.Tests\\UserSubscriptionTests.cs",
        "hashed_secret": "f4661dbb67fad1fc4d25f0fddf07479e70ae0771",
        "is_verified": false,
        "line_number": 30,
        "is_secret": false
      }
    ],
    "tests\\SubVora.Mobile.Tests\\LoginViewModelTests.cs": [
      {
        "type": "Secret Keyword",
        "filename": "tests\\SubVora.Mobile.Tests\\LoginViewModelTests.cs",
        "hashed_secret": "dd606cd49bbbd06b4c2606fc2449f8fb87975786",
        "is_verified": false,
        "line_number": 17,
        "is_secret": false
      },
      {
        "type": "Secret Keyword",
        "filename": "tests\\SubVora.Mobile.Tests\\LoginViewModelTests.cs",
        "hashed_secret": "6809ffccad03b80fa1fbc32c17e7e054805ec30b",
        "is_verified": false,
        "line_number": 69,
        "is_secret": false
      }
    ],
    "tests\\SubVora.Mobile.Tests\\RegisterViewModelTests.cs": [
      {
        "type": "Secret Keyword",
        "filename": "tests\\SubVora.Mobile.Tests\\RegisterViewModelTests.cs",
        "hashed_secret": "dd606cd49bbbd06b4c2606fc2449f8fb87975786",
        "is_verified": false,
        "line_number": 17,
        "is_secret": false
      },
      {
        "type": "Secret Keyword",
        "filename": "tests\\SubVora.Mobile.Tests\\RegisterViewModelTests.cs",
        "hashed_secret": "07d28ab5333bfaed2f8b4dd3437eaadf80157238",
        "is_verified": false,
        "line_number": 42,
        "is_secret": false
      },
      {
        "type": "Secret Keyword",
        "filename": "tests\\SubVora.Mobile.Tests\\RegisterViewModelTests.cs",
        "hashed_secret": "a0f4ea7d91495df92bbac2e2149dfb850fe81396",
        "is_verified": false,
        "line_number": 68,
        "is_secret": false
      }
    ]
  },
  "generated_at": "2026-08-11T06:02:08Z"
}
